Component: ARM Compiler 5.06 update 3 (build 300) Tool: armlink [4d35c9]

==============================================================================

Section Cross References

    main.o(i.main) refers to led.o(i.led_init) for led_init
    main.o(i.main) refers to uart.o(i.uart1_init) for uart1_init
    main.o(i.main) refers to led.o(i.led_on) for led_on
    main.o(i.main) refers to main.o(i.my_delay) for my_delay
    main.o(i.main) refers to led.o(i.led_off) for led_off
    main.o(i.main) refers to oled_i2c.o(i.OLED_Init) for OLED_Init
    main.o(i.main) refers to oled_i2c.o(i.OLED_Clear) for OLED_Clear
    main.o(i.main) refers to printfb.o(i.__0printf$bare) for __2printf
    main.o(i.main) refers to oled_i2c.o(i.OLED_ShowCHinese) for OLED_ShowCHinese
    main.o(i.main) refers to oled_i2c.o(i.OLED_ShowString) for OLED_ShowString
    main.o(i.main) refers to oled_i2c.o(i.OLED_ShowChar) for OLED_ShowChar
    main.o(i.main) refers to oled_i2c.o(i.OLED_ShowNum) for OLED_ShowNum
    main.o(i.main) refers to oled_i2c.o(i.OLED_DrawBMP) for OLED_DrawBMP
    main.o(i.main) refers to main.o(.data) for BMP1
    uart.o(i.USART1_IRQHandler) refers to stm32f10x_usart.o(i.USART_GetITStatus) for USART_GetITStatus
    uart.o(i.USART1_IRQHandler) refers to uart.o(i.uart1_recv_byte) for uart1_recv_byte
    uart.o(i.USART1_IRQHandler) refers to uart.o(i.uart1_send_byte) for uart1_send_byte
    uart.o(i.USART1_IRQHandler) refers to stm32f10x_usart.o(i.USART_ClearITPendingBit) for USART_ClearITPendingBit
    uart.o(i.fputc) refers to uart.o(i.uart1_send_byte) for uart1_send_byte
    uart.o(i.uart1_init) refers to stm32f10x_rcc.o(i.RCC_APB2PeriphClockCmd) for RCC_APB2PeriphClockCmd
    uart.o(i.uart1_init) refers to stm32f10x_gpio.o(i.GPIO_Init) for GPIO_Init
    uart.o(i.uart1_init) refers to stm32f10x_usart.o(i.USART_Init) for USART_Init
    uart.o(i.uart1_init) refers to stm32f10x_usart.o(i.USART_Cmd) for USART_Cmd
    uart.o(i.uart1_init) refers to stm32f10x_usart.o(i.USART_ITConfig) for USART_ITConfig
    uart.o(i.uart1_init) refers to misc.o(i.NVIC_Init) for NVIC_Init
    uart.o(i.uart1_recv_byte) refers to stm32f10x_usart.o(i.USART_ReceiveData) for USART_ReceiveData
    uart.o(i.uart1_send_byte) refers to stm32f10x_usart.o(i.USART_SendData) for USART_SendData
    uart.o(i.uart1_send_byte) refers to stm32f10x_usart.o(i.USART_GetFlagStatus) for USART_GetFlagStatus
    uart.o(i.uart1_send_str) refers to uart.o(i.uart1_send_byte) for uart1_send_byte
    oled_i2c.o(i.I2C_Master_Transmit) refers to stm32f10x_i2c.o(i.I2C_GetFlagStatus) for I2C_GetFlagStatus
    oled_i2c.o(i.I2C_Master_Transmit) refers to stm32f10x_i2c.o(i.I2C_SendData) for I2C_SendData
    oled_i2c.o(i.OLED_Clear) refers to oled_i2c.o(i.OLED_WR_Byte) for OLED_WR_Byte
    oled_i2c.o(i.OLED_Display_Off) refers to oled_i2c.o(i.OLED_WR_Byte) for OLED_WR_Byte
    oled_i2c.o(i.OLED_Display_On) refers to oled_i2c.o(i.OLED_WR_Byte) for OLED_WR_Byte
    oled_i2c.o(i.OLED_DrawBMP) refers to oled_i2c.o(i.OLED_Set_Pos) for OLED_Set_Pos
    oled_i2c.o(i.OLED_DrawBMP) refers to oled_i2c.o(i.OLED_WR_Byte) for OLED_WR_Byte
    oled_i2c.o(i.OLED_Init) refers to oled_i2c.o(i.OLED_Init_IIC) for OLED_Init_IIC
    oled_i2c.o(i.OLED_Init) refers to oled_i2c.o(i.Delay_1ms) for Delay_1ms
    oled_i2c.o(i.OLED_Init) refers to oled_i2c.o(i.OLED_WR_Byte) for OLED_WR_Byte
    oled_i2c.o(i.OLED_Init_IIC) refers to stm32f10x_rcc.o(i.RCC_APB2PeriphClockCmd) for RCC_APB2PeriphClockCmd
    oled_i2c.o(i.OLED_Init_IIC) refers to stm32f10x_rcc.o(i.RCC_APB1PeriphClockCmd) for RCC_APB1PeriphClockCmd
    oled_i2c.o(i.OLED_Init_IIC) refers to stm32f10x_gpio.o(i.GPIO_Init) for GPIO_Init
    oled_i2c.o(i.OLED_Init_IIC) refers to stm32f10x_i2c.o(i.I2C_Init) for I2C_Init
    oled_i2c.o(i.OLED_Init_IIC) refers to stm32f10x_i2c.o(i.I2C_Cmd) for I2C_Cmd
    oled_i2c.o(i.OLED_On) refers to oled_i2c.o(i.OLED_WR_Byte) for OLED_WR_Byte
    oled_i2c.o(i.OLED_Set_Pos) refers to oled_i2c.o(i.OLED_WR_Byte) for OLED_WR_Byte
    oled_i2c.o(i.OLED_ShowCHinese) refers to oled_i2c.o(i.OLED_Set_Pos) for OLED_Set_Pos
    oled_i2c.o(i.OLED_ShowCHinese) refers to oled_i2c.o(i.OLED_WR_Byte) for OLED_WR_Byte
    oled_i2c.o(i.OLED_ShowCHinese) refers to oled_i2c.o(.data) for Hzk
    oled_i2c.o(i.OLED_ShowChar) refers to oled_i2c.o(i.OLED_Set_Pos) for OLED_Set_Pos
    oled_i2c.o(i.OLED_ShowChar) refers to oled_i2c.o(i.OLED_WR_Byte) for OLED_WR_Byte
    oled_i2c.o(i.OLED_ShowChar) refers to oled_i2c.o(.constdata) for F8X16
    oled_i2c.o(i.OLED_ShowNum) refers to oled_i2c.o(i.oled_pow) for oled_pow
    oled_i2c.o(i.OLED_ShowNum) refers to oled_i2c.o(i.OLED_ShowChar) for OLED_ShowChar
    oled_i2c.o(i.OLED_ShowString) refers to oled_i2c.o(i.OLED_ShowChar) for OLED_ShowChar
    oled_i2c.o(i.OLED_WR_Byte) refers to oled_i2c.o(i.Write_IIC_Data) for Write_IIC_Data
    oled_i2c.o(i.OLED_WR_Byte) refers to oled_i2c.o(i.Write_IIC_Command) for Write_IIC_Command
    oled_i2c.o(i.Write_IIC_Command) refers to stm32f10x_i2c.o(i.I2C_GetFlagStatus) for I2C_GetFlagStatus
    oled_i2c.o(i.Write_IIC_Command) refers to stm32f10x_i2c.o(i.I2C_GenerateSTART) for I2C_GenerateSTART
    oled_i2c.o(i.Write_IIC_Command) refers to stm32f10x_i2c.o(i.I2C_CheckEvent) for I2C_CheckEvent
    oled_i2c.o(i.Write_IIC_Command) refers to stm32f10x_i2c.o(i.I2C_Send7bitAddress) for I2C_Send7bitAddress
    oled_i2c.o(i.Write_IIC_Command) refers to stm32f10x_i2c.o(i.I2C_SendData) for I2C_SendData
    oled_i2c.o(i.Write_IIC_Command) refers to stm32f10x_i2c.o(i.I2C_GenerateSTOP) for I2C_GenerateSTOP
    oled_i2c.o(i.Write_IIC_Data) refers to stm32f10x_i2c.o(i.I2C_GetFlagStatus) for I2C_GetFlagStatus
    oled_i2c.o(i.Write_IIC_Data) refers to stm32f10x_i2c.o(i.I2C_GenerateSTART) for I2C_GenerateSTART
    oled_i2c.o(i.Write_IIC_Data) refers to stm32f10x_i2c.o(i.I2C_CheckEvent) for I2C_CheckEvent
    oled_i2c.o(i.Write_IIC_Data) refers to stm32f10x_i2c.o(i.I2C_Send7bitAddress) for I2C_Send7bitAddress
    oled_i2c.o(i.Write_IIC_Data) refers to stm32f10x_i2c.o(i.I2C_SendData) for I2C_SendData
    oled_i2c.o(i.Write_IIC_Data) refers to stm32f10x_i2c.o(i.I2C_GenerateSTOP) for I2C_GenerateSTOP
    oled_i2c.o(i.fill_picture) refers to oled_i2c.o(i.OLED_WR_Byte) for OLED_WR_Byte
    led.o(i.led_init) refers to stm32f10x_rcc.o(i.RCC_APB2PeriphClockCmd) for RCC_APB2PeriphClockCmd
    led.o(i.led_init) refers to stm32f10x_gpio.o(i.GPIO_Init) for GPIO_Init
    led.o(i.led_init) refers to stm32f10x_gpio.o(i.GPIO_WriteBit) for GPIO_WriteBit
    led.o(i.led_off) refers to stm32f10x_gpio.o(i.GPIO_WriteBit) for GPIO_WriteBit
    led.o(i.led_on) refers to stm32f10x_gpio.o(i.GPIO_WriteBit) for GPIO_WriteBit
    stm32f10x_gpio.o(i.GPIO_AFIODeInit) refers to stm32f10x_rcc.o(i.RCC_APB2PeriphResetCmd) for RCC_APB2PeriphResetCmd
    stm32f10x_gpio.o(i.GPIO_DeInit) refers to stm32f10x_rcc.o(i.RCC_APB2PeriphResetCmd) for RCC_APB2PeriphResetCmd
    stm32f10x_i2c.o(i.I2C_DeInit) refers to stm32f10x_rcc.o(i.RCC_APB1PeriphResetCmd) for RCC_APB1PeriphResetCmd
    stm32f10x_i2c.o(i.I2C_Init) refers to stm32f10x_rcc.o(i.RCC_GetClocksFreq) for RCC_GetClocksFreq
    stm32f10x_rcc.o(i.RCC_GetClocksFreq) refers to stm32f10x_rcc.o(.data) for APBAHBPrescTable
    stm32f10x_rcc.o(i.RCC_WaitForHSEStartUp) refers to stm32f10x_rcc.o(i.RCC_GetFlagStatus) for RCC_GetFlagStatus
    stm32f10x_usart.o(i.USART_DeInit) refers to stm32f10x_rcc.o(i.RCC_APB2PeriphResetCmd) for RCC_APB2PeriphResetCmd
    stm32f10x_usart.o(i.USART_DeInit) refers to stm32f10x_rcc.o(i.RCC_APB1PeriphResetCmd) for RCC_APB1PeriphResetCmd
    stm32f10x_usart.o(i.USART_Init) refers to stm32f10x_rcc.o(i.RCC_GetClocksFreq) for RCC_GetClocksFreq
    startup_stm32f10x_md.o(RESET) refers to startup_stm32f10x_md.o(STACK) for __initial_sp
    startup_stm32f10x_md.o(RESET) refers to startup_stm32f10x_md.o(.text) for Reset_Handler
    startup_stm32f10x_md.o(RESET) refers to uart.o(i.USART1_IRQHandler) for USART1_IRQHandler
    startup_stm32f10x_md.o(.text) refers to system_stm32f10x.o(i.SystemInit) for SystemInit
    startup_stm32f10x_md.o(.text) refers to entry.o(.ARM.Collect$$$$00000000) for __main
    system_stm32f10x.o(i.SetSysClock) refers to system_stm32f10x.o(i.SetSysClockTo72) for SetSysClockTo72
    system_stm32f10x.o(i.SystemCoreClockUpdate) refers to system_stm32f10x.o(.data) for SystemCoreClock
    system_stm32f10x.o(i.SystemInit) refers to system_stm32f10x.o(i.SetSysClock) for SetSysClock
    entry.o(.ARM.Collect$$$$00000000) refers (Special) to entry10a.o(.ARM.Collect$$$$0000000D) for __rt_final_cpp
    entry.o(.ARM.Collect$$$$00000000) refers (Special) to entry11a.o(.ARM.Collect$$$$0000000F) for __rt_final_exit
    entry.o(.ARM.Collect$$$$00000000) refers (Special) to entry7b.o(.ARM.Collect$$$$00000008) for _main_clock
    entry.o(.ARM.Collect$$$$00000000) refers (Special) to entry8b.o(.ARM.Collect$$$$0000000A) for _main_cpp_init
    entry.o(.ARM.Collect$$$$00000000) refers (Special) to entry9a.o(.ARM.Collect$$$$0000000B) for _main_init
    entry.o(.ARM.Collect$$$$00000000) refers (Special) to entry5.o(.ARM.Collect$$$$00000004) for _main_scatterload
    entry.o(.ARM.Collect$$$$00000000) refers (Special) to entry2.o(.ARM.Collect$$$$00000001) for _main_stk
    printfb.o(i.__0fprintf$bare) refers to printfb.o(i._printf_core) for _printf_core
    printfb.o(i.__0fprintf$bare) refers to uart.o(i.fputc) for fputc
    printfb.o(i.__0printf$bare) refers to printfb.o(i._printf_core) for _printf_core
    printfb.o(i.__0printf$bare) refers to uart.o(i.fputc) for fputc
    printfb.o(i.__0printf$bare) refers to stdout.o(.data) for __stdout
    printfb.o(i.__0snprintf$bare) refers to printfb.o(i._printf_core) for _printf_core
    printfb.o(i.__0snprintf$bare) refers to printfb.o(i._snputc) for _snputc
    printfb.o(i.__0sprintf$bare) refers to printfb.o(i._printf_core) for _printf_core
    printfb.o(i.__0sprintf$bare) refers to printfb.o(i._sputc) for _sputc
    printfb.o(i.__0vfprintf$bare) refers to printfb.o(i._printf_core) for _printf_core
    printfb.o(i.__0vfprintf$bare) refers to uart.o(i.fputc) for fputc
    printfb.o(i.__0vprintf$bare) refers to printfb.o(i._printf_core) for _printf_core
    printfb.o(i.__0vprintf$bare) refers to uart.o(i.fputc) for fputc
    printfb.o(i.__0vprintf$bare) refers to stdout.o(.data) for __stdout
    printfb.o(i.__0vsnprintf$bare) refers to printfb.o(i._printf_core) for _printf_core
    printfb.o(i.__0vsnprintf$bare) refers to printfb.o(i._snputc) for _snputc
    printfb.o(i.__0vsprintf$bare) refers to printfb.o(i._printf_core) for _printf_core
    printfb.o(i.__0vsprintf$bare) refers to printfb.o(i._sputc) for _sputc
    printf0.o(i.__0fprintf$0) refers to printf0.o(i._printf_core) for _printf_core
    printf0.o(i.__0fprintf$0) refers to uart.o(i.fputc) for fputc
    printf0.o(i.__0printf$0) refers to printf0.o(i._printf_core) for _printf_core
    printf0.o(i.__0printf$0) refers to uart.o(i.fputc) for fputc
    printf0.o(i.__0printf$0) refers to stdout.o(.data) for __stdout
    printf0.o(i.__0snprintf$0) refers to printf0.o(i._printf_core) for _printf_core
    printf0.o(i.__0snprintf$0) refers to printf0.o(i._snputc) for _snputc
    printf0.o(i.__0sprintf$0) refers to printf0.o(i._printf_core) for _printf_core
    printf0.o(i.__0sprintf$0) refers to printf0.o(i._sputc) for _sputc
    printf0.o(i.__0vfprintf$0) refers to printf0.o(i._printf_core) for _printf_core
    printf0.o(i.__0vfprintf$0) refers to uart.o(i.fputc) for fputc
    printf0.o(i.__0vprintf$0) refers to printf0.o(i._printf_core) for _printf_core
    printf0.o(i.__0vprintf$0) refers to uart.o(i.fputc) for fputc
    printf0.o(i.__0vprintf$0) refers to stdout.o(.data) for __stdout
    printf0.o(i.__0vsnprintf$0) refers to printf0.o(i._printf_core) for _printf_core
    printf0.o(i.__0vsnprintf$0) refers to printf0.o(i._snputc) for _snputc
    printf0.o(i.__0vsprintf$0) refers to printf0.o(i._printf_core) for _printf_core
    printf0.o(i.__0vsprintf$0) refers to printf0.o(i._sputc) for _sputc
    printf1.o(i.__0fprintf$1) refers to printf1.o(i._printf_core) for _printf_core
    printf1.o(i.__0fprintf$1) refers to uart.o(i.fputc) for fputc
    printf1.o(i.__0printf$1) refers to printf1.o(i._printf_core) for _printf_core
    printf1.o(i.__0printf$1) refers to uart.o(i.fputc) for fputc
    printf1.o(i.__0printf$1) refers to stdout.o(.data) for __stdout
    printf1.o(i.__0snprintf$1) refers to printf1.o(i._printf_core) for _printf_core
    printf1.o(i.__0snprintf$1) refers to printf1.o(i._snputc) for _snputc
    printf1.o(i.__0sprintf$1) refers to printf1.o(i._printf_core) for _printf_core
    printf1.o(i.__0sprintf$1) refers to printf1.o(i._sputc) for _sputc
    printf1.o(i.__0vfprintf$1) refers to printf1.o(i._printf_core) for _printf_core
    printf1.o(i.__0vfprintf$1) refers to uart.o(i.fputc) for fputc
    printf1.o(i.__0vprintf$1) refers to printf1.o(i._printf_core) for _printf_core
    printf1.o(i.__0vprintf$1) refers to uart.o(i.fputc) for fputc
    printf1.o(i.__0vprintf$1) refers to stdout.o(.data) for __stdout
    printf1.o(i.__0vsnprintf$1) refers to printf1.o(i._printf_core) for _printf_core
    printf1.o(i.__0vsnprintf$1) refers to printf1.o(i._snputc) for _snputc
    printf1.o(i.__0vsprintf$1) refers to printf1.o(i._printf_core) for _printf_core
    printf1.o(i.__0vsprintf$1) refers to printf1.o(i._sputc) for _sputc
    printf1.o(i._printf_core) refers to uidiv.o(.text) for __aeabi_uidivmod
    printf2.o(i.__0fprintf$2) refers to printf2.o(i._printf_core) for _printf_core
    printf2.o(i.__0fprintf$2) refers to uart.o(i.fputc) for fputc
    printf2.o(i.__0printf$2) refers to printf2.o(i._printf_core) for _printf_core
    printf2.o(i.__0printf$2) refers to uart.o(i.fputc) for fputc
    printf2.o(i.__0printf$2) refers to stdout.o(.data) for __stdout
    printf2.o(i.__0snprintf$2) refers to printf2.o(i._printf_core) for _printf_core
    printf2.o(i.__0snprintf$2) refers to printf2.o(i._snputc) for _snputc
    printf2.o(i.__0sprintf$2) refers to printf2.o(i._printf_core) for _printf_core
    printf2.o(i.__0sprintf$2) refers to printf2.o(i._sputc) for _sputc
    printf2.o(i.__0vfprintf$2) refers to printf2.o(i._printf_core) for _printf_core
    printf2.o(i.__0vfprintf$2) refers to uart.o(i.fputc) for fputc
    printf2.o(i.__0vprintf$2) refers to printf2.o(i._printf_core) for _printf_core
    printf2.o(i.__0vprintf$2) refers to uart.o(i.fputc) for fputc
    printf2.o(i.__0vprintf$2) refers to stdout.o(.data) for __stdout
    printf2.o(i.__0vsnprintf$2) refers to printf2.o(i._printf_core) for _printf_core
    printf2.o(i.__0vsnprintf$2) refers to printf2.o(i._snputc) for _snputc
    printf2.o(i.__0vsprintf$2) refers to printf2.o(i._printf_core) for _printf_core
    printf2.o(i.__0vsprintf$2) refers to printf2.o(i._sputc) for _sputc
    printf3.o(i.__0fprintf$3) refers to printf3.o(i._printf_core) for _printf_core
    printf3.o(i.__0fprintf$3) refers to uart.o(i.fputc) for fputc
    printf3.o(i.__0printf$3) refers to printf3.o(i._printf_core) for _printf_core
    printf3.o(i.__0printf$3) refers to uart.o(i.fputc) for fputc
    printf3.o(i.__0printf$3) refers to stdout.o(.data) for __stdout
    printf3.o(i.__0snprintf$3) refers to printf3.o(i._printf_core) for _printf_core
    printf3.o(i.__0snprintf$3) refers to printf3.o(i._snputc) for _snputc
    printf3.o(i.__0sprintf$3) refers to printf3.o(i._printf_core) for _printf_core
    printf3.o(i.__0sprintf$3) refers to printf3.o(i._sputc) for _sputc
    printf3.o(i.__0vfprintf$3) refers to printf3.o(i._printf_core) for _printf_core
    printf3.o(i.__0vfprintf$3) refers to uart.o(i.fputc) for fputc
    printf3.o(i.__0vprintf$3) refers to printf3.o(i._printf_core) for _printf_core
    printf3.o(i.__0vprintf$3) refers to uart.o(i.fputc) for fputc
    printf3.o(i.__0vprintf$3) refers to stdout.o(.data) for __stdout
    printf3.o(i.__0vsnprintf$3) refers to printf3.o(i._printf_core) for _printf_core
    printf3.o(i.__0vsnprintf$3) refers to printf3.o(i._snputc) for _snputc
    printf3.o(i.__0vsprintf$3) refers to printf3.o(i._printf_core) for _printf_core
    printf3.o(i.__0vsprintf$3) refers to printf3.o(i._sputc) for _sputc
    printf3.o(i._printf_core) refers to uidiv.o(.text) for __aeabi_uidivmod
    printf4.o(i.__0fprintf$4) refers to printf4.o(i._printf_core) for _printf_core
    printf4.o(i.__0fprintf$4) refers to uart.o(i.fputc) for fputc
    printf4.o(i.__0printf$4) refers to printf4.o(i._printf_core) for _printf_core
    printf4.o(i.__0printf$4) refers to uart.o(i.fputc) for fputc
    printf4.o(i.__0printf$4) refers to stdout.o(.data) for __stdout
    printf4.o(i.__0snprintf$4) refers to printf4.o(i._printf_core) for _printf_core
    printf4.o(i.__0snprintf$4) refers to printf4.o(i._snputc) for _snputc
    printf4.o(i.__0sprintf$4) refers to printf4.o(i._printf_core) for _printf_core
    printf4.o(i.__0sprintf$4) refers to printf4.o(i._sputc) for _sputc
    printf4.o(i.__0vfprintf$4) refers to printf4.o(i._printf_core) for _printf_core
    printf4.o(i.__0vfprintf$4) refers to uart.o(i.fputc) for fputc
    printf4.o(i.__0vprintf$4) refers to printf4.o(i._printf_core) for _printf_core
    printf4.o(i.__0vprintf$4) refers to uart.o(i.fputc) for fputc
    printf4.o(i.__0vprintf$4) refers to stdout.o(.data) for __stdout
    printf4.o(i.__0vsnprintf$4) refers to printf4.o(i._printf_core) for _printf_core
    printf4.o(i.__0vsnprintf$4) refers to printf4.o(i._snputc) for _snputc
    printf4.o(i.__0vsprintf$4) refers to printf4.o(i._printf_core) for _printf_core
    printf4.o(i.__0vsprintf$4) refers to printf4.o(i._sputc) for _sputc
    printf4.o(i._printf_core) refers to uldiv.o(.text) for __aeabi_uldivmod
    printf5.o(i.__0fprintf$5) refers to printf5.o(i._printf_core) for _printf_core
    printf5.o(i.__0fprintf$5) refers to uart.o(i.fputc) for fputc
    printf5.o(i.__0printf$5) refers to printf5.o(i._printf_core) for _printf_core
    printf5.o(i.__0printf$5) refers to uart.o(i.fputc) for fputc
    printf5.o(i.__0printf$5) refers to stdout.o(.data) for __stdout
    printf5.o(i.__0snprintf$5) refers to printf5.o(i._printf_core) for _printf_core
    printf5.o(i.__0snprintf$5) refers to printf5.o(i._snputc) for _snputc
    printf5.o(i.__0sprintf$5) refers to printf5.o(i._printf_core) for _printf_core
    printf5.o(i.__0sprintf$5) refers to printf5.o(i._sputc) for _sputc
    printf5.o(i.__0vfprintf$5) refers to printf5.o(i._printf_core) for _printf_core
    printf5.o(i.__0vfprintf$5) refers to uart.o(i.fputc) for fputc
    printf5.o(i.__0vprintf$5) refers to printf5.o(i._printf_core) for _printf_core
    printf5.o(i.__0vprintf$5) refers to uart.o(i.fputc) for fputc
    printf5.o(i.__0vprintf$5) refers to stdout.o(.data) for __stdout
    printf5.o(i.__0vsnprintf$5) refers to printf5.o(i._printf_core) for _printf_core
    printf5.o(i.__0vsnprintf$5) refers to printf5.o(i._snputc) for _snputc
    printf5.o(i.__0vsprintf$5) refers to printf5.o(i._printf_core) for _printf_core
    printf5.o(i.__0vsprintf$5) refers to printf5.o(i._sputc) for _sputc
    printf5.o(i._printf_core) refers to uldiv.o(.text) for __aeabi_uldivmod
    printf6.o(i.__0fprintf$6) refers to printf6.o(i._printf_core) for _printf_core
    printf6.o(i.__0fprintf$6) refers to uart.o(i.fputc) for fputc
    printf6.o(i.__0printf$6) refers to printf6.o(i._printf_core) for _printf_core
    printf6.o(i.__0printf$6) refers to uart.o(i.fputc) for fputc
    printf6.o(i.__0printf$6) refers to stdout.o(.data) for __stdout
    printf6.o(i.__0snprintf$6) refers to printf6.o(i._printf_core) for _printf_core
    printf6.o(i.__0snprintf$6) refers to printf6.o(i._snputc) for _snputc
    printf6.o(i.__0sprintf$6) refers to printf6.o(i._printf_core) for _printf_core
    printf6.o(i.__0sprintf$6) refers to printf6.o(i._sputc) for _sputc
    printf6.o(i.__0vfprintf$6) refers to printf6.o(i._printf_core) for _printf_core
    printf6.o(i.__0vfprintf$6) refers to uart.o(i.fputc) for fputc
    printf6.o(i.__0vprintf$6) refers to printf6.o(i._printf_core) for _printf_core
    printf6.o(i.__0vprintf$6) refers to uart.o(i.fputc) for fputc
    printf6.o(i.__0vprintf$6) refers to stdout.o(.data) for __stdout
    printf6.o(i.__0vsnprintf$6) refers to printf6.o(i._printf_core) for _printf_core
    printf6.o(i.__0vsnprintf$6) refers to printf6.o(i._snputc) for _snputc
    printf6.o(i.__0vsprintf$6) refers to printf6.o(i._printf_core) for _printf_core
    printf6.o(i.__0vsprintf$6) refers to printf6.o(i._sputc) for _sputc
    printf6.o(i._printf_core) refers to printf6.o(i._printf_pre_padding) for _printf_pre_padding
    printf6.o(i._printf_core) refers to uidiv.o(.text) for __aeabi_uidivmod
    printf6.o(i._printf_core) refers to printf6.o(i._printf_post_padding) for _printf_post_padding
    printf7.o(i.__0fprintf$7) refers to printf7.o(i._printf_core) for _printf_core
    printf7.o(i.__0fprintf$7) refers to uart.o(i.fputc) for fputc
    printf7.o(i.__0printf$7) refers to printf7.o(i._printf_core) for _printf_core
    printf7.o(i.__0printf$7) refers to uart.o(i.fputc) for fputc
    printf7.o(i.__0printf$7) refers to stdout.o(.data) for __stdout
    printf7.o(i.__0snprintf$7) refers to printf7.o(i._printf_core) for _printf_core
    printf7.o(i.__0snprintf$7) refers to printf7.o(i._snputc) for _snputc
    printf7.o(i.__0sprintf$7) refers to printf7.o(i._printf_core) for _printf_core
    printf7.o(i.__0sprintf$7) refers to printf7.o(i._sputc) for _sputc
    printf7.o(i.__0vfprintf$7) refers to printf7.o(i._printf_core) for _printf_core
    printf7.o(i.__0vfprintf$7) refers to uart.o(i.fputc) for fputc
    printf7.o(i.__0vprintf$7) refers to printf7.o(i._printf_core) for _printf_core
    printf7.o(i.__0vprintf$7) refers to uart.o(i.fputc) for fputc
    printf7.o(i.__0vprintf$7) refers to stdout.o(.data) for __stdout
    printf7.o(i.__0vsnprintf$7) refers to printf7.o(i._printf_core) for _printf_core
    printf7.o(i.__0vsnprintf$7) refers to printf7.o(i._snputc) for _snputc
    printf7.o(i.__0vsprintf$7) refers to printf7.o(i._printf_core) for _printf_core
    printf7.o(i.__0vsprintf$7) refers to printf7.o(i._sputc) for _sputc
    printf7.o(i._printf_core) refers to printf7.o(i._printf_pre_padding) for _printf_pre_padding
    printf7.o(i._printf_core) refers to uldiv.o(.text) for __aeabi_uldivmod
    printf7.o(i._printf_core) refers to printf7.o(i._printf_post_padding) for _printf_post_padding
    printf8.o(i.__0fprintf$8) refers to printf8.o(i._printf_core) for _printf_core
    printf8.o(i.__0fprintf$8) refers to uart.o(i.fputc) for fputc
    printf8.o(i.__0printf$8) refers to printf8.o(i._printf_core) for _printf_core
    printf8.o(i.__0printf$8) refers to uart.o(i.fputc) for fputc
    printf8.o(i.__0printf$8) refers to stdout.o(.data) for __stdout
    printf8.o(i.__0snprintf$8) refers to printf8.o(i._printf_core) for _printf_core
    printf8.o(i.__0snprintf$8) refers to printf8.o(i._snputc) for _snputc
    printf8.o(i.__0sprintf$8) refers to printf8.o(i._printf_core) for _printf_core
    printf8.o(i.__0sprintf$8) refers to printf8.o(i._sputc) for _sputc
    printf8.o(i.__0vfprintf$8) refers to printf8.o(i._printf_core) for _printf_core
    printf8.o(i.__0vfprintf$8) refers to uart.o(i.fputc) for fputc
    printf8.o(i.__0vprintf$8) refers to printf8.o(i._printf_core) for _printf_core
    printf8.o(i.__0vprintf$8) refers to uart.o(i.fputc) for fputc
    printf8.o(i.__0vprintf$8) refers to stdout.o(.data) for __stdout
    printf8.o(i.__0vsnprintf$8) refers to printf8.o(i._printf_core) for _printf_core
    printf8.o(i.__0vsnprintf$8) refers to printf8.o(i._snputc) for _snputc
    printf8.o(i.__0vsprintf$8) refers to printf8.o(i._printf_core) for _printf_core
    printf8.o(i.__0vsprintf$8) refers to printf8.o(i._sputc) for _sputc
    printf8.o(i._printf_core) refers to printf8.o(i._printf_pre_padding) for _printf_pre_padding
    printf8.o(i._printf_core) refers to uldiv.o(.text) for __aeabi_uldivmod
    printf8.o(i._printf_core) refers to printf8.o(i._printf_post_padding) for _printf_post_padding
    printfa.o(i.__0fprintf) refers (Special) to iusefp.o(.text) for __I$use$fp
    printfa.o(i.__0fprintf) refers to printfa.o(i._printf_core) for _printf_core
    printfa.o(i.__0fprintf) refers to uart.o(i.fputc) for fputc
    printfa.o(i.__0printf) refers (Special) to iusefp.o(.text) for __I$use$fp
    printfa.o(i.__0printf) refers to printfa.o(i._printf_core) for _printf_core
    printfa.o(i.__0printf) refers to uart.o(i.fputc) for fputc
    printfa.o(i.__0printf) refers to stdout.o(.data) for __stdout
    printfa.o(i.__0snprintf) refers (Special) to iusefp.o(.text) for __I$use$fp
    printfa.o(i.__0snprintf) refers to printfa.o(i._printf_core) for _printf_core
    printfa.o(i.__0snprintf) refers to printfa.o(i._snputc) for _snputc
    printfa.o(i.__0sprintf) refers (Special) to iusefp.o(.text) for __I$use$fp
    printfa.o(i.__0sprintf) refers to printfa.o(i._printf_core) for _printf_core
    printfa.o(i.__0sprintf) refers to printfa.o(i._sputc) for _sputc
    printfa.o(i.__0vfprintf) refers (Special) to iusefp.o(.text) for __I$use$fp
    printfa.o(i.__0vfprintf) refers to printfa.o(i._printf_core) for _printf_core
    printfa.o(i.__0vfprintf) refers to uart.o(i.fputc) for fputc
    printfa.o(i.__0vprintf) refers (Special) to iusefp.o(.text) for __I$use$fp
    printfa.o(i.__0vprintf) refers to printfa.o(i._printf_core) for _printf_core
    printfa.o(i.__0vprintf) refers to uart.o(i.fputc) for fputc
    printfa.o(i.__0vprintf) refers to stdout.o(.data) for __stdout
    printfa.o(i.__0vsnprintf) refers (Special) to iusefp.o(.text) for __I$use$fp
    printfa.o(i.__0vsnprintf) refers to printfa.o(i._printf_core) for _printf_core
    printfa.o(i.__0vsnprintf) refers to printfa.o(i._snputc) for _snputc
    printfa.o(i.__0vsprintf) refers (Special) to iusefp.o(.text) for __I$use$fp
    printfa.o(i.__0vsprintf) refers to printfa.o(i._printf_core) for _printf_core
    printfa.o(i.__0vsprintf) refers to printfa.o(i._sputc) for _sputc
    printfa.o(i._fp_digits) refers (Special) to iusefp.o(.text) for __I$use$fp
    printfa.o(i._fp_digits) refers to dmul.o(.text) for __aeabi_dmul
    printfa.o(i._fp_digits) refers to ddiv.o(.text) for __aeabi_ddiv
    printfa.o(i._fp_digits) refers to cdrcmple.o(.text) for __aeabi_cdrcmple
    printfa.o(i._fp_digits) refers to dadd.o(.text) for __aeabi_dadd
    printfa.o(i._fp_digits) refers to dfixul.o(.text) for __aeabi_d2ulz
    printfa.o(i._fp_digits) refers to uldiv.o(.text) for __aeabi_uldivmod
    printfa.o(i._printf_core) refers (Special) to iusefp.o(.text) for __I$use$fp
    printfa.o(i._printf_core) refers to printfa.o(i._printf_pre_padding) for _printf_pre_padding
    printfa.o(i._printf_core) refers to uldiv.o(.text) for __aeabi_uldivmod
    printfa.o(i._printf_core) refers to printfa.o(i._printf_post_padding) for _printf_post_padding
    printfa.o(i._printf_core) refers to printfa.o(i._fp_digits) for _fp_digits
    printfa.o(i._printf_core) refers to uidiv.o(.text) for __aeabi_uidivmod
    printfa.o(i._printf_post_padding) refers (Special) to iusefp.o(.text) for __I$use$fp
    printfa.o(i._printf_pre_padding) refers (Special) to iusefp.o(.text) for __I$use$fp
    printfa.o(i._snputc) refers (Special) to iusefp.o(.text) for __I$use$fp
    printfa.o(i._sputc) refers (Special) to iusefp.o(.text) for __I$use$fp
    entry2.o(.ARM.Collect$$$$00000001) refers to entry2.o(.ARM.Collect$$$$00002712) for __lit__00000000
    entry2.o(.ARM.Collect$$$$00002712) refers to startup_stm32f10x_md.o(STACK) for __initial_sp
    entry2.o(__vectab_stack_and_reset_area) refers to startup_stm32f10x_md.o(STACK) for __initial_sp
    entry2.o(__vectab_stack_and_reset_area) refers to entry.o(.ARM.Collect$$$$00000000) for __main
    entry5.o(.ARM.Collect$$$$00000004) refers to init.o(.text) for __scatterload
    entry9a.o(.ARM.Collect$$$$0000000B) refers to main.o(i.main) for main
    entry9b.o(.ARM.Collect$$$$0000000C) refers to main.o(i.main) for main
    uldiv.o(.text) refers to llushr.o(.text) for __aeabi_llsr
    uldiv.o(.text) refers to llshl.o(.text) for __aeabi_llsl
    dadd.o(.text) refers to llshl.o(.text) for __aeabi_llsl
    dadd.o(.text) refers to llsshr.o(.text) for __aeabi_lasr
    dadd.o(.text) refers to depilogue.o(.text) for _double_epilogue
    dmul.o(.text) refers to depilogue.o(.text) for _double_epilogue
    ddiv.o(.text) refers to depilogue.o(.text) for _double_round
    dfixul.o(.text) refers to llushr.o(.text) for __aeabi_llsr
    dfixul.o(.text) refers to llshl.o(.text) for __aeabi_llsl
    init.o(.text) refers to entry5.o(.ARM.Collect$$$$00000004) for __main_after_scatterload
    depilogue.o(.text) refers to llshl.o(.text) for __aeabi_llsl
    depilogue.o(.text) refers to llushr.o(.text) for __aeabi_llsr


==============================================================================

Removing Unused input sections from the image.

    Removing main.o(.rev16_text), (4 bytes).
    Removing main.o(.revsh_text), (4 bytes).
    Removing main.o(.rrx_text), (6 bytes).
    Removing uart.o(.rev16_text), (4 bytes).
    Removing uart.o(.revsh_text), (4 bytes).
    Removing uart.o(.rrx_text), (6 bytes).
    Removing uart.o(i.uart1_send_str), (22 bytes).
    Removing oled_i2c.o(.rev16_text), (4 bytes).
    Removing oled_i2c.o(.revsh_text), (4 bytes).
    Removing oled_i2c.o(.rrx_text), (6 bytes).
    Removing oled_i2c.o(i.Delay_50ms), (22 bytes).
    Removing oled_i2c.o(i.I2C_Master_Transmit), (52 bytes).
    Removing oled_i2c.o(i.OLED_Display_Off), (28 bytes).
    Removing oled_i2c.o(i.OLED_Display_On), (28 bytes).
    Removing oled_i2c.o(i.OLED_On), (62 bytes).
    Removing oled_i2c.o(i.fill_picture), (64 bytes).
    Removing led.o(.rev16_text), (4 bytes).
    Removing led.o(.revsh_text), (4 bytes).
    Removing led.o(.rrx_text), (6 bytes).
    Removing misc.o(.rev16_text), (4 bytes).
    Removing misc.o(.revsh_text), (4 bytes).
    Removing misc.o(.rrx_text), (6 bytes).
    Removing misc.o(i.NVIC_PriorityGroupConfig), (20 bytes).
    Removing misc.o(i.NVIC_SetVectorTable), (20 bytes).
    Removing misc.o(i.NVIC_SystemLPConfig), (32 bytes).
    Removing misc.o(i.SysTick_CLKSourceConfig), (40 bytes).
    Removing stm32f10x_gpio.o(.rev16_text), (4 bytes).
    Removing stm32f10x_gpio.o(.revsh_text), (4 bytes).
    Removing stm32f10x_gpio.o(.rrx_text), (6 bytes).
    Removing stm32f10x_gpio.o(i.GPIO_AFIODeInit), (20 bytes).
    Removing stm32f10x_gpio.o(i.GPIO_DeInit), (200 bytes).
    Removing stm32f10x_gpio.o(i.GPIO_ETH_MediaInterfaceConfig), (12 bytes).
    Removing stm32f10x_gpio.o(i.GPIO_EXTILineConfig), (64 bytes).
    Removing stm32f10x_gpio.o(i.GPIO_EventOutputCmd), (12 bytes).
    Removing stm32f10x_gpio.o(i.GPIO_EventOutputConfig), (32 bytes).
    Removing stm32f10x_gpio.o(i.GPIO_PinLockConfig), (18 bytes).
    Removing stm32f10x_gpio.o(i.GPIO_PinRemapConfig), (144 bytes).
    Removing stm32f10x_gpio.o(i.GPIO_ReadInputData), (8 bytes).
    Removing stm32f10x_gpio.o(i.GPIO_ReadInputDataBit), (18 bytes).
    Removing stm32f10x_gpio.o(i.GPIO_ReadOutputData), (8 bytes).
    Removing stm32f10x_gpio.o(i.GPIO_ReadOutputDataBit), (18 bytes).
    Removing stm32f10x_gpio.o(i.GPIO_ResetBits), (4 bytes).
    Removing stm32f10x_gpio.o(i.GPIO_SetBits), (4 bytes).
    Removing stm32f10x_gpio.o(i.GPIO_StructInit), (16 bytes).
    Removing stm32f10x_gpio.o(i.GPIO_Write), (4 bytes).
    Removing stm32f10x_i2c.o(.rev16_text), (4 bytes).
    Removing stm32f10x_i2c.o(.revsh_text), (4 bytes).
    Removing stm32f10x_i2c.o(.rrx_text), (6 bytes).
    Removing stm32f10x_i2c.o(i.I2C_ARPCmd), (24 bytes).
    Removing stm32f10x_i2c.o(i.I2C_AcknowledgeConfig), (24 bytes).
    Removing stm32f10x_i2c.o(i.I2C_CalculatePEC), (24 bytes).
    Removing stm32f10x_i2c.o(i.I2C_ClearFlag), (12 bytes).
    Removing stm32f10x_i2c.o(i.I2C_ClearITPendingBit), (12 bytes).
    Removing stm32f10x_i2c.o(i.I2C_DMACmd), (24 bytes).
    Removing stm32f10x_i2c.o(i.I2C_DMALastTransferCmd), (24 bytes).
    Removing stm32f10x_i2c.o(i.I2C_DeInit), (56 bytes).
    Removing stm32f10x_i2c.o(i.I2C_DualAddressCmd), (24 bytes).
    Removing stm32f10x_i2c.o(i.I2C_FastModeDutyCycleConfig), (28 bytes).
    Removing stm32f10x_i2c.o(i.I2C_GeneralCallCmd), (24 bytes).
    Removing stm32f10x_i2c.o(i.I2C_GetITStatus), (38 bytes).
    Removing stm32f10x_i2c.o(i.I2C_GetLastEvent), (26 bytes).
    Removing stm32f10x_i2c.o(i.I2C_GetPEC), (8 bytes).
    Removing stm32f10x_i2c.o(i.I2C_ITConfig), (18 bytes).
    Removing stm32f10x_i2c.o(i.I2C_NACKPositionConfig), (28 bytes).
    Removing stm32f10x_i2c.o(i.I2C_OwnAddress2Config), (22 bytes).
    Removing stm32f10x_i2c.o(i.I2C_PECPositionConfig), (28 bytes).
    Removing stm32f10x_i2c.o(i.I2C_ReadRegister), (22 bytes).
    Removing stm32f10x_i2c.o(i.I2C_ReceiveData), (8 bytes).
    Removing stm32f10x_i2c.o(i.I2C_SMBusAlertConfig), (28 bytes).
    Removing stm32f10x_i2c.o(i.I2C_SoftwareResetCmd), (22 bytes).
    Removing stm32f10x_i2c.o(i.I2C_StretchClockCmd), (24 bytes).
    Removing stm32f10x_i2c.o(i.I2C_StructInit), (30 bytes).
    Removing stm32f10x_i2c.o(i.I2C_TransmitPEC), (24 bytes).
    Removing stm32f10x_rcc.o(.rev16_text), (4 bytes).
    Removing stm32f10x_rcc.o(.revsh_text), (4 bytes).
    Removing stm32f10x_rcc.o(.rrx_text), (6 bytes).
    Removing stm32f10x_rcc.o(i.RCC_ADCCLKConfig), (24 bytes).
    Removing stm32f10x_rcc.o(i.RCC_AHBPeriphClockCmd), (32 bytes).
    Removing stm32f10x_rcc.o(i.RCC_APB1PeriphResetCmd), (32 bytes).
    Removing stm32f10x_rcc.o(i.RCC_APB2PeriphResetCmd), (32 bytes).
    Removing stm32f10x_rcc.o(i.RCC_AdjustHSICalibrationValue), (24 bytes).
    Removing stm32f10x_rcc.o(i.RCC_BackupResetCmd), (12 bytes).
    Removing stm32f10x_rcc.o(i.RCC_ClearFlag), (20 bytes).
    Removing stm32f10x_rcc.o(i.RCC_ClearITPendingBit), (12 bytes).
    Removing stm32f10x_rcc.o(i.RCC_ClockSecuritySystemCmd), (12 bytes).
    Removing stm32f10x_rcc.o(i.RCC_DeInit), (76 bytes).
    Removing stm32f10x_rcc.o(i.RCC_GetFlagStatus), (60 bytes).
    Removing stm32f10x_rcc.o(i.RCC_GetITStatus), (24 bytes).
    Removing stm32f10x_rcc.o(i.RCC_GetSYSCLKSource), (16 bytes).
    Removing stm32f10x_rcc.o(i.RCC_HCLKConfig), (24 bytes).
    Removing stm32f10x_rcc.o(i.RCC_HSEConfig), (76 bytes).
    Removing stm32f10x_rcc.o(i.RCC_HSICmd), (12 bytes).
    Removing stm32f10x_rcc.o(i.RCC_ITConfig), (32 bytes).
    Removing stm32f10x_rcc.o(i.RCC_LSEConfig), (52 bytes).
    Removing stm32f10x_rcc.o(i.RCC_LSICmd), (12 bytes).
    Removing stm32f10x_rcc.o(i.RCC_MCOConfig), (12 bytes).
    Removing stm32f10x_rcc.o(i.RCC_PCLK1Config), (24 bytes).
    Removing stm32f10x_rcc.o(i.RCC_PCLK2Config), (24 bytes).
    Removing stm32f10x_rcc.o(i.RCC_PLLCmd), (12 bytes).
    Removing stm32f10x_rcc.o(i.RCC_PLLConfig), (28 bytes).
    Removing stm32f10x_rcc.o(i.RCC_RTCCLKCmd), (12 bytes).
    Removing stm32f10x_rcc.o(i.RCC_RTCCLKConfig), (16 bytes).
    Removing stm32f10x_rcc.o(i.RCC_SYSCLKConfig), (24 bytes).
    Removing stm32f10x_rcc.o(i.RCC_USBCLKConfig), (12 bytes).
    Removing stm32f10x_rcc.o(i.RCC_WaitForHSEStartUp), (56 bytes).
    Removing stm32f10x_usart.o(.rev16_text), (4 bytes).
    Removing stm32f10x_usart.o(.revsh_text), (4 bytes).
    Removing stm32f10x_usart.o(.rrx_text), (6 bytes).
    Removing stm32f10x_usart.o(i.USART_ClearFlag), (18 bytes).
    Removing stm32f10x_usart.o(i.USART_ClockInit), (34 bytes).
    Removing stm32f10x_usart.o(i.USART_ClockStructInit), (12 bytes).
    Removing stm32f10x_usart.o(i.USART_DMACmd), (18 bytes).
    Removing stm32f10x_usart.o(i.USART_DeInit), (156 bytes).
    Removing stm32f10x_usart.o(i.USART_HalfDuplexCmd), (24 bytes).
    Removing stm32f10x_usart.o(i.USART_IrDACmd), (24 bytes).
    Removing stm32f10x_usart.o(i.USART_IrDAConfig), (18 bytes).
    Removing stm32f10x_usart.o(i.USART_LINBreakDetectLengthConfig), (18 bytes).
    Removing stm32f10x_usart.o(i.USART_LINCmd), (24 bytes).
    Removing stm32f10x_usart.o(i.USART_OneBitMethodCmd), (24 bytes).
    Removing stm32f10x_usart.o(i.USART_OverSampling8Cmd), (22 bytes).
    Removing stm32f10x_usart.o(i.USART_ReceiverWakeUpCmd), (24 bytes).
    Removing stm32f10x_usart.o(i.USART_SendBreak), (10 bytes).
    Removing stm32f10x_usart.o(i.USART_SetAddress), (18 bytes).
    Removing stm32f10x_usart.o(i.USART_SetGuardTime), (16 bytes).
    Removing stm32f10x_usart.o(i.USART_SetPrescaler), (16 bytes).
    Removing stm32f10x_usart.o(i.USART_SmartCardCmd), (24 bytes).
    Removing stm32f10x_usart.o(i.USART_SmartCardNACKCmd), (24 bytes).
    Removing stm32f10x_usart.o(i.USART_StructInit), (24 bytes).
    Removing stm32f10x_usart.o(i.USART_WakeUpConfig), (18 bytes).
    Removing startup_stm32f10x_md.o(HEAP), (512 bytes).
    Removing system_stm32f10x.o(.rev16_text), (4 bytes).
    Removing system_stm32f10x.o(.revsh_text), (4 bytes).
    Removing system_stm32f10x.o(.rrx_text), (6 bytes).
    Removing system_stm32f10x.o(i.SystemCoreClockUpdate), (164 bytes).
    Removing system_stm32f10x.o(.data), (20 bytes).
    Removing dadd.o(.text), (334 bytes).
    Removing dmul.o(.text), (228 bytes).
    Removing ddiv.o(.text), (222 bytes).
    Removing dfixul.o(.text), (48 bytes).
    Removing cdrcmple.o(.text), (48 bytes).
    Removing depilogue.o(.text), (186 bytes).

141 unused section(s) (total 4846 bytes) removed from the image.

==============================================================================

Image Symbol Table

    Local Symbols

    Symbol Name                              Value     Ov Type        Size  Object(Section)

    ../clib/../cmprslib/lz77c.c              0x00000000   Number         0  __dclz77c.o ABSOLUTE
    ../clib/microlib/division.c              0x00000000   Number         0  uldiv.o ABSOLUTE
    ../clib/microlib/division.c              0x00000000   Number         0  uidiv.o ABSOLUTE
    ../clib/microlib/init/entry.s            0x00000000   Number         0  entry9b.o ABSOLUTE
    ../clib/microlib/init/entry.s            0x00000000   Number         0  entry.o ABSOLUTE
    ../clib/microlib/init/entry.s            0x00000000   Number         0  entry2.o ABSOLUTE
    ../clib/microlib/init/entry.s            0x00000000   Number         0  entry5.o ABSOLUTE
    ../clib/microlib/init/entry.s            0x00000000   Number         0  entry7a.o ABSOLUTE
    ../clib/microlib/init/entry.s            0x00000000   Number         0  entry7b.o ABSOLUTE
    ../clib/microlib/init/entry.s            0x00000000   Number         0  entry9a.o ABSOLUTE
    ../clib/microlib/init/entry.s            0x00000000   Number         0  entry11b.o ABSOLUTE
    ../clib/microlib/init/entry.s            0x00000000   Number         0  entry11a.o ABSOLUTE
    ../clib/microlib/init/entry.s            0x00000000   Number         0  entry10b.o ABSOLUTE
    ../clib/microlib/init/entry.s            0x00000000   Number         0  entry10a.o ABSOLUTE
    ../clib/microlib/init/entry.s            0x00000000   Number         0  entry8a.o ABSOLUTE
    ../clib/microlib/init/entry.s            0x00000000   Number         0  entry8b.o ABSOLUTE
    ../clib/microlib/longlong.c              0x00000000   Number         0  llsshr.o ABSOLUTE
    ../clib/microlib/longlong.c              0x00000000   Number         0  llushr.o ABSOLUTE
    ../clib/microlib/longlong.c              0x00000000   Number         0  llshl.o ABSOLUTE
    ../clib/microlib/printf/printf.c         0x00000000   Number         0  printf1.o ABSOLUTE
    ../clib/microlib/printf/printf.c         0x00000000   Number         0  printf0.o ABSOLUTE
    ../clib/microlib/printf/printf.c         0x00000000   Number         0  printfb.o ABSOLUTE
    ../clib/microlib/printf/printf.c         0x00000000   Number         0  printf3.o ABSOLUTE
    ../clib/microlib/printf/printf.c         0x00000000   Number         0  printfa.o ABSOLUTE
    ../clib/microlib/printf/printf.c         0x00000000   Number         0  printf8.o ABSOLUTE
    ../clib/microlib/printf/printf.c         0x00000000   Number         0  printf7.o ABSOLUTE
    ../clib/microlib/printf/printf.c         0x00000000   Number         0  printf6.o ABSOLUTE
    ../clib/microlib/printf/printf.c         0x00000000   Number         0  printf5.o ABSOLUTE
    ../clib/microlib/printf/printf.c         0x00000000   Number         0  printf4.o ABSOLUTE
    ../clib/microlib/printf/printf.c         0x00000000   Number         0  printf2.o ABSOLUTE
    ../clib/microlib/stdio/streams.c         0x00000000   Number         0  stdout.o ABSOLUTE
    ../clib/microlib/stubs.s                 0x00000000   Number         0  iusefp.o ABSOLUTE
    ../fplib/microlib/fpadd.c                0x00000000   Number         0  dadd.o ABSOLUTE
    ../fplib/microlib/fpdiv.c                0x00000000   Number         0  ddiv.o ABSOLUTE
    ../fplib/microlib/fpepilogue.c           0x00000000   Number         0  depilogue.o ABSOLUTE
    ../fplib/microlib/fpfix.c                0x00000000   Number         0  dfixul.o ABSOLUTE
    ../fplib/microlib/fpmul.c                0x00000000   Number         0  dmul.o ABSOLUTE
    D:\Keil\ARM\PACK\Keil\STM32F1xx_DFP\2.3.0\Device\StdPeriph_Driver\src\misc.c 0x00000000   Number         0  misc.o ABSOLUTE
    D:\Keil\ARM\PACK\Keil\STM32F1xx_DFP\2.3.0\Device\StdPeriph_Driver\src\stm32f10x_gpio.c 0x00000000   Number         0  stm32f10x_gpio.o ABSOLUTE
    D:\Keil\ARM\PACK\Keil\STM32F1xx_DFP\2.3.0\Device\StdPeriph_Driver\src\stm32f10x_i2c.c 0x00000000   Number         0  stm32f10x_i2c.o ABSOLUTE
    D:\Keil\ARM\PACK\Keil\STM32F1xx_DFP\2.3.0\Device\StdPeriph_Driver\src\stm32f10x_rcc.c 0x00000000   Number         0  stm32f10x_rcc.o ABSOLUTE
    D:\Keil\ARM\PACK\Keil\STM32F1xx_DFP\2.3.0\Device\StdPeriph_Driver\src\stm32f10x_usart.c 0x00000000   Number         0  stm32f10x_usart.o ABSOLUTE
    D:\\Keil\\ARM\\PACK\\Keil\\STM32F1xx_DFP\\2.3.0\\Device\\StdPeriph_Driver\\src\\misc.c 0x00000000   Number         0  misc.o ABSOLUTE
    D:\\Keil\\ARM\\PACK\\Keil\\STM32F1xx_DFP\\2.3.0\\Device\\StdPeriph_Driver\\src\\stm32f10x_gpio.c 0x00000000   Number         0  stm32f10x_gpio.o ABSOLUTE
    D:\\Keil\\ARM\\PACK\\Keil\\STM32F1xx_DFP\\2.3.0\\Device\\StdPeriph_Driver\\src\\stm32f10x_i2c.c 0x00000000   Number         0  stm32f10x_i2c.o ABSOLUTE
    D:\\Keil\\ARM\\PACK\\Keil\\STM32F1xx_DFP\\2.3.0\\Device\\StdPeriph_Driver\\src\\stm32f10x_rcc.c 0x00000000   Number         0  stm32f10x_rcc.o ABSOLUTE
    D:\\Keil\\ARM\\PACK\\Keil\\STM32F1xx_DFP\\2.3.0\\Device\\StdPeriph_Driver\\src\\stm32f10x_usart.c 0x00000000   Number         0  stm32f10x_usart.o ABSOLUTE
    RTE\Device\STM32F103C8\startup_stm32f10x_md.s 0x00000000   Number         0  startup_stm32f10x_md.o ABSOLUTE
    RTE\Device\STM32F103C8\system_stm32f10x.c 0x00000000   Number         0  system_stm32f10x.o ABSOLUTE
    RTE\\Device\\STM32F103C8\\system_stm32f10x.c 0x00000000   Number         0  system_stm32f10x.o ABSOLUTE
    cdrcmple.s                               0x00000000   Number         0  cdrcmple.o ABSOLUTE
    dc.s                                     0x00000000   Number         0  dc.o ABSOLUTE
    handlers.s                               0x00000000   Number         0  handlers.o ABSOLUTE
    init.s                                   0x00000000   Number         0  init.o ABSOLUTE
    led.c                                    0x00000000   Number         0  led.o ABSOLUTE
    led.c                                    0x00000000   Number         0  led.o ABSOLUTE
    main.c                                   0x00000000   Number         0  main.o ABSOLUTE
    main.c                                   0x00000000   Number         0  main.o ABSOLUTE
    oled_i2c.c                               0x00000000   Number         0  oled_i2c.o ABSOLUTE
    oled_i2c.c                               0x00000000   Number         0  oled_i2c.o ABSOLUTE
    uart.c                                   0x00000000   Number         0  uart.o ABSOLUTE
    uart.c                                   0x00000000   Number         0  uart.o ABSOLUTE
    RESET                                    0x08000000   Section      236  startup_stm32f10x_md.o(RESET)
    .ARM.Collect$$$$00000000                 0x080000ec   Section        0  entry.o(.ARM.Collect$$$$00000000)
    .ARM.Collect$$$$00000001                 0x080000ec   Section        4  entry2.o(.ARM.Collect$$$$00000001)
    .ARM.Collect$$$$00000004                 0x080000f0   Section        4  entry5.o(.ARM.Collect$$$$00000004)
    .ARM.Collect$$$$00000008                 0x080000f4   Section        0  entry7b.o(.ARM.Collect$$$$00000008)
    .ARM.Collect$$$$0000000A                 0x080000f4   Section        0  entry8b.o(.ARM.Collect$$$$0000000A)
    .ARM.Collect$$$$0000000B                 0x080000f4   Section        8  entry9a.o(.ARM.Collect$$$$0000000B)
    .ARM.Collect$$$$0000000D                 0x080000fc   Section        0  entry10a.o(.ARM.Collect$$$$0000000D)
    .ARM.Collect$$$$0000000F                 0x080000fc   Section        0  entry11a.o(.ARM.Collect$$$$0000000F)
    .ARM.Collect$$$$00002712                 0x080000fc   Section        4  entry2.o(.ARM.Collect$$$$00002712)
    __lit__00000000                          0x080000fc   Data           4  entry2.o(.ARM.Collect$$$$00002712)
    .text                                    0x08000100   Section       36  startup_stm32f10x_md.o(.text)
    .text                                    0x08000124   Section       36  init.o(.text)
    .text                                    0x08000148   Section        0  __dclz77c.o(.text)
    i.Delay_1ms                              0x080001a6   Section        0  oled_i2c.o(i.Delay_1ms)
    i.GPIO_Init                              0x080001c0   Section        0  stm32f10x_gpio.o(i.GPIO_Init)
    i.GPIO_WriteBit                          0x080002d6   Section        0  stm32f10x_gpio.o(i.GPIO_WriteBit)
    i.I2C_CheckEvent                         0x080002e0   Section        0  stm32f10x_i2c.o(i.I2C_CheckEvent)
    i.I2C_Cmd                                0x0800030a   Section        0  stm32f10x_i2c.o(i.I2C_Cmd)
    i.I2C_GenerateSTART                      0x08000322   Section        0  stm32f10x_i2c.o(i.I2C_GenerateSTART)
    i.I2C_GenerateSTOP                       0x0800033a   Section        0  stm32f10x_i2c.o(i.I2C_GenerateSTOP)
    i.I2C_GetFlagStatus                      0x08000352   Section        0  stm32f10x_i2c.o(i.I2C_GetFlagStatus)
    i.I2C_Init                               0x0800038c   Section        0  stm32f10x_i2c.o(i.I2C_Init)
    i.I2C_Send7bitAddress                    0x08000478   Section        0  stm32f10x_i2c.o(i.I2C_Send7bitAddress)
    i.I2C_SendData                           0x0800048a   Section        0  stm32f10x_i2c.o(i.I2C_SendData)
    i.NVIC_Init                              0x08000490   Section        0  misc.o(i.NVIC_Init)
    i.OLED_Clear                             0x08000500   Section        0  oled_i2c.o(i.OLED_Clear)
    i.OLED_DrawBMP                           0x0800053e   Section        0  oled_i2c.o(i.OLED_DrawBMP)
    i.OLED_Init                              0x080005b4   Section        0  oled_i2c.o(i.OLED_Init)
    i.OLED_Init_IIC                          0x0800069c   Section        0  oled_i2c.o(i.OLED_Init_IIC)
    i.OLED_Set_Pos                           0x08000710   Section        0  oled_i2c.o(i.OLED_Set_Pos)
    i.OLED_ShowCHinese                       0x08000738   Section        0  oled_i2c.o(i.OLED_ShowCHinese)
    i.OLED_ShowChar                          0x080007a0   Section        0  oled_i2c.o(i.OLED_ShowChar)
    i.OLED_ShowNum                           0x08000844   Section        0  oled_i2c.o(i.OLED_ShowNum)
    i.OLED_ShowString                        0x080008cc   Section        0  oled_i2c.o(i.OLED_ShowString)
    i.OLED_WR_Byte                           0x08000906   Section        0  oled_i2c.o(i.OLED_WR_Byte)
    i.RCC_APB1PeriphClockCmd                 0x08000920   Section        0  stm32f10x_rcc.o(i.RCC_APB1PeriphClockCmd)
    i.RCC_APB2PeriphClockCmd                 0x08000940   Section        0  stm32f10x_rcc.o(i.RCC_APB2PeriphClockCmd)
    i.RCC_GetClocksFreq                      0x08000960   Section        0  stm32f10x_rcc.o(i.RCC_GetClocksFreq)
    i.SetSysClock                            0x08000a34   Section        0  system_stm32f10x.o(i.SetSysClock)
    SetSysClock                              0x08000a35   Thumb Code     8  system_stm32f10x.o(i.SetSysClock)
    i.SetSysClockTo72                        0x08000a3c   Section        0  system_stm32f10x.o(i.SetSysClockTo72)
    SetSysClockTo72                          0x08000a3d   Thumb Code   214  system_stm32f10x.o(i.SetSysClockTo72)
    i.SystemInit                             0x08000b1c   Section        0  system_stm32f10x.o(i.SystemInit)
    i.USART1_IRQHandler                      0x08000b7c   Section        0  uart.o(i.USART1_IRQHandler)
    i.USART_ClearITPendingBit                0x08000bac   Section        0  stm32f10x_usart.o(i.USART_ClearITPendingBit)
    i.USART_Cmd                              0x08000bca   Section        0  stm32f10x_usart.o(i.USART_Cmd)
    i.USART_GetFlagStatus                    0x08000be2   Section        0  stm32f10x_usart.o(i.USART_GetFlagStatus)
    i.USART_GetITStatus                      0x08000bfc   Section        0  stm32f10x_usart.o(i.USART_GetITStatus)
    i.USART_ITConfig                         0x08000c50   Section        0  stm32f10x_usart.o(i.USART_ITConfig)
    i.USART_Init                             0x08000c9c   Section        0  stm32f10x_usart.o(i.USART_Init)
    i.USART_ReceiveData                      0x08000d74   Section        0  stm32f10x_usart.o(i.USART_ReceiveData)
    i.USART_SendData                         0x08000d7e   Section        0  stm32f10x_usart.o(i.USART_SendData)
    i.Write_IIC_Command                      0x08000d88   Section        0  oled_i2c.o(i.Write_IIC_Command)
    i.Write_IIC_Data                         0x08000e10   Section        0  oled_i2c.o(i.Write_IIC_Data)
    i.__0printf$bare                         0x08000e98   Section        0  printfb.o(i.__0printf$bare)
    i.__scatterload_copy                     0x08000ea8   Section       14  handlers.o(i.__scatterload_copy)
    i.__scatterload_null                     0x08000eb6   Section        2  handlers.o(i.__scatterload_null)
    i.__scatterload_zeroinit                 0x08000eb8   Section       14  handlers.o(i.__scatterload_zeroinit)
    i._printf_core                           0x08000ec6   Section        0  printfb.o(i._printf_core)
    _printf_core                             0x08000ec7   Thumb Code    34  printfb.o(i._printf_core)
    i.fputc                                  0x08000ee8   Section        0  uart.o(i.fputc)
    i.led_init                               0x08000ef8   Section        0  led.o(i.led_init)
    i.led_off                                0x08000f30   Section        0  led.o(i.led_off)
    i.led_on                                 0x08000f44   Section        0  led.o(i.led_on)
    i.main                                   0x08000f58   Section        0  main.o(i.main)
    i.my_delay                               0x08001084   Section        0  main.o(i.my_delay)
    i.oled_pow                               0x080010a2   Section        0  oled_i2c.o(i.oled_pow)
    i.uart1_init                             0x080010b8   Section        0  uart.o(i.uart1_init)
    i.uart1_recv_byte                        0x0800115c   Section        0  uart.o(i.uart1_recv_byte)
    i.uart1_send_byte                        0x0800116c   Section        0  uart.o(i.uart1_send_byte)
    .constdata                               0x0800118c   Section     2072  oled_i2c.o(.constdata)
    .data                                    0x20000000   Section     3072  main.o(.data)
    .data                                    0x20000c00   Section     1024  oled_i2c.o(.data)
    .data                                    0x20001000   Section       20  stm32f10x_rcc.o(.data)
    APBAHBPrescTable                         0x20001000   Data          16  stm32f10x_rcc.o(.data)
    ADCPrescTable                            0x20001010   Data           4  stm32f10x_rcc.o(.data)
    .data                                    0x20001014   Section        4  stdout.o(.data)
    STACK                                    0x20001018   Section     1024  startup_stm32f10x_md.o(STACK)

    Global Symbols

    Symbol Name                              Value     Ov Type        Size  Object(Section)

    BuildAttributes$$THM_ISAv4$P$D$K$B$S$PE$A:L22UL41UL21$X:L11$S22US41US21$IEEE1$IW$USESV6$~STKCKD$USESV7$~SHL$OSPACE$ROPI$EBA8$MICROLIB$REQ8$PRES8$EABIv2 0x00000000   Number         0  anon$$obj.o ABSOLUTE
    __ARM_use_no_argv                        0x00000000   Number         0  main.o ABSOLUTE
    __cpp_initialize__aeabi_                  - Undefined Weak Reference
    __cxa_finalize                            - Undefined Weak Reference
    _clock_init                               - Undefined Weak Reference
    _microlib_exit                            - Undefined Weak Reference
    __Vectors_Size                           0x000000ec   Number         0  startup_stm32f10x_md.o ABSOLUTE
    __Vectors                                0x08000000   Data           4  startup_stm32f10x_md.o(RESET)
    __Vectors_End                            0x080000ec   Data           0  startup_stm32f10x_md.o(RESET)
    __main                                   0x080000ed   Thumb Code     0  entry.o(.ARM.Collect$$$$00000000)
    _main_stk                                0x080000ed   Thumb Code     0  entry2.o(.ARM.Collect$$$$00000001)
    _main_scatterload                        0x080000f1   Thumb Code     0  entry5.o(.ARM.Collect$$$$00000004)
    __main_after_scatterload                 0x080000f5   Thumb Code     0  entry5.o(.ARM.Collect$$$$00000004)
    _main_clock                              0x080000f5   Thumb Code     0  entry7b.o(.ARM.Collect$$$$00000008)
    _main_cpp_init                           0x080000f5   Thumb Code     0  entry8b.o(.ARM.Collect$$$$0000000A)
    _main_init                               0x080000f5   Thumb Code     0  entry9a.o(.ARM.Collect$$$$0000000B)
    __rt_final_cpp                           0x080000fd   Thumb Code     0  entry10a.o(.ARM.Collect$$$$0000000D)
    __rt_final_exit                          0x080000fd   Thumb Code     0  entry11a.o(.ARM.Collect$$$$0000000F)
    Reset_Handler                            0x08000101   Thumb Code     8  startup_stm32f10x_md.o(.text)
    NMI_Handler                              0x08000109   Thumb Code     2  startup_stm32f10x_md.o(.text)
    HardFault_Handler                        0x0800010b   Thumb Code     2  startup_stm32f10x_md.o(.text)
    MemManage_Handler                        0x0800010d   Thumb Code     2  startup_stm32f10x_md.o(.text)
    BusFault_Handler                         0x0800010f   Thumb Code     2  startup_stm32f10x_md.o(.text)
    UsageFault_Handler                       0x08000111   Thumb Code     2  startup_stm32f10x_md.o(.text)
    SVC_Handler                              0x08000113   Thumb Code     2  startup_stm32f10x_md.o(.text)
    DebugMon_Handler                         0x08000115   Thumb Code     2  startup_stm32f10x_md.o(.text)
    PendSV_Handler                           0x08000117   Thumb Code     2  startup_stm32f10x_md.o(.text)
    SysTick_Handler                          0x08000119   Thumb Code     2  startup_stm32f10x_md.o(.text)
    ADC1_2_IRQHandler                        0x0800011b   Thumb Code     0  startup_stm32f10x_md.o(.text)
    CAN1_RX1_IRQHandler                      0x0800011b   Thumb Code     0  startup_stm32f10x_md.o(.text)
    CAN1_SCE_IRQHandler                      0x0800011b   Thumb Code     0  startup_stm32f10x_md.o(.text)
    DMA1_Channel1_IRQHandler                 0x0800011b   Thumb Code     0  startup_stm32f10x_md.o(.text)
    DMA1_Channel2_IRQHandler                 0x0800011b   Thumb Code     0  startup_stm32f10x_md.o(.text)
    DMA1_Channel3_IRQHandler                 0x0800011b   Thumb Code     0  startup_stm32f10x_md.o(.text)
    DMA1_Channel4_IRQHandler                 0x0800011b   Thumb Code     0  startup_stm32f10x_md.o(.text)
    DMA1_Channel5_IRQHandler                 0x0800011b   Thumb Code     0  startup_stm32f10x_md.o(.text)
    DMA1_Channel6_IRQHandler                 0x0800011b   Thumb Code     0  startup_stm32f10x_md.o(.text)
    DMA1_Channel7_IRQHandler                 0x0800011b   Thumb Code     0  startup_stm32f10x_md.o(.text)
    EXTI0_IRQHandler                         0x0800011b   Thumb Code     0  startup_stm32f10x_md.o(.text)
    EXTI15_10_IRQHandler                     0x0800011b   Thumb Code     0  startup_stm32f10x_md.o(.text)
    EXTI1_IRQHandler                         0x0800011b   Thumb Code     0  startup_stm32f10x_md.o(.text)
    EXTI2_IRQHandler                         0x0800011b   Thumb Code     0  startup_stm32f10x_md.o(.text)
    EXTI3_IRQHandler                         0x0800011b   Thumb Code     0  startup_stm32f10x_md.o(.text)
    EXTI4_IRQHandler                         0x0800011b   Thumb Code     0  startup_stm32f10x_md.o(.text)
    EXTI9_5_IRQHandler                       0x0800011b   Thumb Code     0  startup_stm32f10x_md.o(.text)
    FLASH_IRQHandler                         0x0800011b   Thumb Code     0  startup_stm32f10x_md.o(.text)
    I2C1_ER_IRQHandler                       0x0800011b   Thumb Code     0  startup_stm32f10x_md.o(.text)
    I2C1_EV_IRQHandler                       0x0800011b   Thumb Code     0  startup_stm32f10x_md.o(.text)
    I2C2_ER_IRQHandler                       0x0800011b   Thumb Code     0  startup_stm32f10x_md.o(.text)
    I2C2_EV_IRQHandler                       0x0800011b   Thumb Code     0  startup_stm32f10x_md.o(.text)
    PVD_IRQHandler                           0x0800011b   Thumb Code     0  startup_stm32f10x_md.o(.text)
    RCC_IRQHandler                           0x0800011b   Thumb Code     0  startup_stm32f10x_md.o(.text)
    RTCAlarm_IRQHandler                      0x0800011b   Thumb Code     0  startup_stm32f10x_md.o(.text)
    RTC_IRQHandler                           0x0800011b   Thumb Code     0  startup_stm32f10x_md.o(.text)
    SPI1_IRQHandler                          0x0800011b   Thumb Code     0  startup_stm32f10x_md.o(.text)
    SPI2_IRQHandler                          0x0800011b   Thumb Code     0  startup_stm32f10x_md.o(.text)
    TAMPER_IRQHandler                        0x0800011b   Thumb Code     0  startup_stm32f10x_md.o(.text)
    TIM1_BRK_IRQHandler                      0x0800011b   Thumb Code     0  startup_stm32f10x_md.o(.text)
    TIM1_CC_IRQHandler                       0x0800011b   Thumb Code     0  startup_stm32f10x_md.o(.text)
    TIM1_TRG_COM_IRQHandler                  0x0800011b   Thumb Code     0  startup_stm32f10x_md.o(.text)
    TIM1_UP_IRQHandler                       0x0800011b   Thumb Code     0  startup_stm32f10x_md.o(.text)
    TIM2_IRQHandler                          0x0800011b   Thumb Code     0  startup_stm32f10x_md.o(.text)
    TIM3_IRQHandler                          0x0800011b   Thumb Code     0  startup_stm32f10x_md.o(.text)
    TIM4_IRQHandler                          0x0800011b   Thumb Code     0  startup_stm32f10x_md.o(.text)
    USART2_IRQHandler                        0x0800011b   Thumb Code     0  startup_stm32f10x_md.o(.text)
    USART3_IRQHandler                        0x0800011b   Thumb Code     0  startup_stm32f10x_md.o(.text)
    USBWakeUp_IRQHandler                     0x0800011b   Thumb Code     0  startup_stm32f10x_md.o(.text)
    USB_HP_CAN1_TX_IRQHandler                0x0800011b   Thumb Code     0  startup_stm32f10x_md.o(.text)
    USB_LP_CAN1_RX0_IRQHandler               0x0800011b   Thumb Code     0  startup_stm32f10x_md.o(.text)
    WWDG_IRQHandler                          0x0800011b   Thumb Code     0  startup_stm32f10x_md.o(.text)
    __scatterload                            0x08000125   Thumb Code    28  init.o(.text)
    __scatterload_rt2                        0x08000125   Thumb Code     0  init.o(.text)
    __decompress                             0x08000149   Thumb Code     0  __dclz77c.o(.text)
    __decompress2                            0x08000149   Thumb Code    94  __dclz77c.o(.text)
    Delay_1ms                                0x080001a7   Thumb Code    26  oled_i2c.o(i.Delay_1ms)
    GPIO_Init                                0x080001c1   Thumb Code   278  stm32f10x_gpio.o(i.GPIO_Init)
    GPIO_WriteBit                            0x080002d7   Thumb Code    10  stm32f10x_gpio.o(i.GPIO_WriteBit)
    I2C_CheckEvent                           0x080002e1   Thumb Code    42  stm32f10x_i2c.o(i.I2C_CheckEvent)
    I2C_Cmd                                  0x0800030b   Thumb Code    24  stm32f10x_i2c.o(i.I2C_Cmd)
    I2C_GenerateSTART                        0x08000323   Thumb Code    24  stm32f10x_i2c.o(i.I2C_GenerateSTART)
    I2C_GenerateSTOP                         0x0800033b   Thumb Code    24  stm32f10x_i2c.o(i.I2C_GenerateSTOP)
    I2C_GetFlagStatus                        0x08000353   Thumb Code    58  stm32f10x_i2c.o(i.I2C_GetFlagStatus)
    I2C_Init                                 0x0800038d   Thumb Code   222  stm32f10x_i2c.o(i.I2C_Init)
    I2C_Send7bitAddress                      0x08000479   Thumb Code    18  stm32f10x_i2c.o(i.I2C_Send7bitAddress)
    I2C_SendData                             0x0800048b   Thumb Code     4  stm32f10x_i2c.o(i.I2C_SendData)
    NVIC_Init                                0x08000491   Thumb Code   100  misc.o(i.NVIC_Init)
    OLED_Clear                               0x08000501   Thumb Code    62  oled_i2c.o(i.OLED_Clear)
    OLED_DrawBMP                             0x0800053f   Thumb Code   118  oled_i2c.o(i.OLED_DrawBMP)
    OLED_Init                                0x080005b5   Thumb Code   232  oled_i2c.o(i.OLED_Init)
    OLED_Init_IIC                            0x0800069d   Thumb Code   104  oled_i2c.o(i.OLED_Init_IIC)
    OLED_Set_Pos                             0x08000711   Thumb Code    40  oled_i2c.o(i.OLED_Set_Pos)
    OLED_ShowCHinese                         0x08000739   Thumb Code    98  oled_i2c.o(i.OLED_ShowCHinese)
    OLED_ShowChar                            0x080007a1   Thumb Code   154  oled_i2c.o(i.OLED_ShowChar)
    OLED_ShowNum                             0x08000845   Thumb Code   136  oled_i2c.o(i.OLED_ShowNum)
    OLED_ShowString                          0x080008cd   Thumb Code    58  oled_i2c.o(i.OLED_ShowString)
    OLED_WR_Byte                             0x08000907   Thumb Code    24  oled_i2c.o(i.OLED_WR_Byte)
    RCC_APB1PeriphClockCmd                   0x08000921   Thumb Code    26  stm32f10x_rcc.o(i.RCC_APB1PeriphClockCmd)
    RCC_APB2PeriphClockCmd                   0x08000941   Thumb Code    26  stm32f10x_rcc.o(i.RCC_APB2PeriphClockCmd)
    RCC_GetClocksFreq                        0x08000961   Thumb Code   192  stm32f10x_rcc.o(i.RCC_GetClocksFreq)
    SystemInit                               0x08000b1d   Thumb Code    78  system_stm32f10x.o(i.SystemInit)
    USART1_IRQHandler                        0x08000b7d   Thumb Code    42  uart.o(i.USART1_IRQHandler)
    USART_ClearITPendingBit                  0x08000bad   Thumb Code    30  stm32f10x_usart.o(i.USART_ClearITPendingBit)
    USART_Cmd                                0x08000bcb   Thumb Code    24  stm32f10x_usart.o(i.USART_Cmd)
    USART_GetFlagStatus                      0x08000be3   Thumb Code    26  stm32f10x_usart.o(i.USART_GetFlagStatus)
    USART_GetITStatus                        0x08000bfd   Thumb Code    84  stm32f10x_usart.o(i.USART_GetITStatus)
    USART_ITConfig                           0x08000c51   Thumb Code    74  stm32f10x_usart.o(i.USART_ITConfig)
    USART_Init                               0x08000c9d   Thumb Code   210  stm32f10x_usart.o(i.USART_Init)
    USART_ReceiveData                        0x08000d75   Thumb Code    10  stm32f10x_usart.o(i.USART_ReceiveData)
    USART_SendData                           0x08000d7f   Thumb Code     8  stm32f10x_usart.o(i.USART_SendData)
    Write_IIC_Command                        0x08000d89   Thumb Code   124  oled_i2c.o(i.Write_IIC_Command)
    Write_IIC_Data                           0x08000e11   Thumb Code   124  oled_i2c.o(i.Write_IIC_Data)
    __0printf$bare                           0x08000e99   Thumb Code     8  printfb.o(i.__0printf$bare)
    __1printf$bare                           0x08000e99   Thumb Code     0  printfb.o(i.__0printf$bare)
    __2printf                                0x08000e99   Thumb Code     0  printfb.o(i.__0printf$bare)
    __scatterload_copy                       0x08000ea9   Thumb Code    14  handlers.o(i.__scatterload_copy)
    __scatterload_null                       0x08000eb7   Thumb Code     2  handlers.o(i.__scatterload_null)
    __scatterload_zeroinit                   0x08000eb9   Thumb Code    14  handlers.o(i.__scatterload_zeroinit)
    fputc                                    0x08000ee9   Thumb Code    16  uart.o(i.fputc)
    led_init                                 0x08000ef9   Thumb Code    50  led.o(i.led_init)
    led_off                                  0x08000f31   Thumb Code    14  led.o(i.led_off)
    led_on                                   0x08000f45   Thumb Code    16  led.o(i.led_on)
    main                                     0x08000f59   Thumb Code   252  main.o(i.main)
    my_delay                                 0x08001085   Thumb Code    30  main.o(i.my_delay)
    oled_pow                                 0x080010a3   Thumb Code    22  oled_i2c.o(i.oled_pow)
    uart1_init                               0x080010b9   Thumb Code   154  uart.o(i.uart1_init)
    uart1_recv_byte                          0x0800115d   Thumb Code    12  uart.o(i.uart1_recv_byte)
    uart1_send_byte                          0x0800116d   Thumb Code    28  uart.o(i.uart1_send_byte)
    F6x8                                     0x0800118c   Data         552  oled_i2c.o(.constdata)
    F8X16                                    0x080013b4   Data        1520  oled_i2c.o(.constdata)
    Region$$Table$$Base                      0x080019a4   Number         0  anon$$obj.o(Region$$Table)
    Region$$Table$$Limit                     0x080019c4   Number         0  anon$$obj.o(Region$$Table)
    BMP1                                     0x20000000   Data        1024  main.o(.data)
    BMP2                                     0x20000400   Data        1024  main.o(.data)
    BMP3                                     0x20000800   Data        1024  main.o(.data)
    Hzk                                      0x20000c00   Data        1024  oled_i2c.o(.data)
    __stdout                                 0x20001014   Data           4  stdout.o(.data)
    __initial_sp                             0x20001418   Data           0  startup_stm32f10x_md.o(STACK)



==============================================================================

Memory Map of the image

  Image Entry point : 0x080000ed

  Load Region LR_IROM1 (Base: 0x08000000, Size: 0x000029dc, Max: 0x00010000, ABSOLUTE, COMPRESSED[0x00001e10])

    Execution Region ER_IROM1 (Base: 0x08000000, Size: 0x000019c4, Max: 0x00010000, ABSOLUTE)

    Base Addr    Size         Type   Attr      Idx    E Section Name        Object

    0x08000000   0x000000ec   Data   RO         1134    RESET               startup_stm32f10x_md.o
    0x080000ec   0x00000000   Code   RO         1185  * .ARM.Collect$$$$00000000  mc_w.l(entry.o)
    0x080000ec   0x00000004   Code   RO         1448    .ARM.Collect$$$$00000001  mc_w.l(entry2.o)
    0x080000f0   0x00000004   Code   RO         1451    .ARM.Collect$$$$00000004  mc_w.l(entry5.o)
    0x080000f4   0x00000000   Code   RO         1453    .ARM.Collect$$$$00000008  mc_w.l(entry7b.o)
    0x080000f4   0x00000000   Code   RO         1455    .ARM.Collect$$$$0000000A  mc_w.l(entry8b.o)
    0x080000f4   0x00000008   Code   RO         1456    .ARM.Collect$$$$0000000B  mc_w.l(entry9a.o)
    0x080000fc   0x00000000   Code   RO         1458    .ARM.Collect$$$$0000000D  mc_w.l(entry10a.o)
    0x080000fc   0x00000000   Code   RO         1460    .ARM.Collect$$$$0000000F  mc_w.l(entry11a.o)
    0x080000fc   0x00000004   Code   RO         1449    .ARM.Collect$$$$00002712  mc_w.l(entry2.o)
    0x08000100   0x00000024   Code   RO         1135    .text               startup_stm32f10x_md.o
    0x08000124   0x00000024   Code   RO         1478    .text               mc_w.l(init.o)
    0x08000148   0x0000005e   Code   RO         1496    .text               mc_w.l(__dclz77c.o)
    0x080001a6   0x0000001a   Code   RO          157    i.Delay_1ms         oled_i2c.o
    0x080001c0   0x00000116   Code   RO          395    i.GPIO_Init         stm32f10x_gpio.o
    0x080002d6   0x0000000a   Code   RO          406    i.GPIO_WriteBit     stm32f10x_gpio.o
    0x080002e0   0x0000002a   Code   RO          518    i.I2C_CheckEvent    stm32f10x_i2c.o
    0x0800030a   0x00000018   Code   RO          521    i.I2C_Cmd           stm32f10x_i2c.o
    0x08000322   0x00000018   Code   RO          528    i.I2C_GenerateSTART  stm32f10x_i2c.o
    0x0800033a   0x00000018   Code   RO          529    i.I2C_GenerateSTOP  stm32f10x_i2c.o
    0x08000352   0x0000003a   Code   RO          530    i.I2C_GetFlagStatus  stm32f10x_i2c.o
    0x0800038c   0x000000ec   Code   RO          535    i.I2C_Init          stm32f10x_i2c.o
    0x08000478   0x00000012   Code   RO          542    i.I2C_Send7bitAddress  stm32f10x_i2c.o
    0x0800048a   0x00000004   Code   RO          543    i.I2C_SendData      stm32f10x_i2c.o
    0x0800048e   0x00000002   PAD
    0x08000490   0x00000070   Code   RO          341    i.NVIC_Init         misc.o
    0x08000500   0x0000003e   Code   RO          160    i.OLED_Clear        oled_i2c.o
    0x0800053e   0x00000076   Code   RO          163    i.OLED_DrawBMP      oled_i2c.o
    0x080005b4   0x000000e8   Code   RO          164    i.OLED_Init         oled_i2c.o
    0x0800069c   0x00000074   Code   RO          165    i.OLED_Init_IIC     oled_i2c.o
    0x08000710   0x00000028   Code   RO          167    i.OLED_Set_Pos      oled_i2c.o
    0x08000738   0x00000068   Code   RO          168    i.OLED_ShowCHinese  oled_i2c.o
    0x080007a0   0x000000a4   Code   RO          169    i.OLED_ShowChar     oled_i2c.o
    0x08000844   0x00000088   Code   RO          170    i.OLED_ShowNum      oled_i2c.o
    0x080008cc   0x0000003a   Code   RO          171    i.OLED_ShowString   oled_i2c.o
    0x08000906   0x00000018   Code   RO          172    i.OLED_WR_Byte      oled_i2c.o
    0x0800091e   0x00000002   PAD
    0x08000920   0x00000020   Code   RO          733    i.RCC_APB1PeriphClockCmd  stm32f10x_rcc.o
    0x08000940   0x00000020   Code   RO          735    i.RCC_APB2PeriphClockCmd  stm32f10x_rcc.o
    0x08000960   0x000000d4   Code   RO          743    i.RCC_GetClocksFreq  stm32f10x_rcc.o
    0x08000a34   0x00000008   Code   RO         1142    i.SetSysClock       system_stm32f10x.o
    0x08000a3c   0x000000e0   Code   RO         1143    i.SetSysClockTo72   system_stm32f10x.o
    0x08000b1c   0x00000060   Code   RO         1145    i.SystemInit        system_stm32f10x.o
    0x08000b7c   0x00000030   Code   RO          103    i.USART1_IRQHandler  uart.o
    0x08000bac   0x0000001e   Code   RO          944    i.USART_ClearITPendingBit  stm32f10x_usart.o
    0x08000bca   0x00000018   Code   RO          947    i.USART_Cmd         stm32f10x_usart.o
    0x08000be2   0x0000001a   Code   RO          950    i.USART_GetFlagStatus  stm32f10x_usart.o
    0x08000bfc   0x00000054   Code   RO          951    i.USART_GetITStatus  stm32f10x_usart.o
    0x08000c50   0x0000004a   Code   RO          953    i.USART_ITConfig    stm32f10x_usart.o
    0x08000c9a   0x00000002   PAD
    0x08000c9c   0x000000d8   Code   RO          954    i.USART_Init        stm32f10x_usart.o
    0x08000d74   0x0000000a   Code   RO          961    i.USART_ReceiveData  stm32f10x_usart.o
    0x08000d7e   0x00000008   Code   RO          964    i.USART_SendData    stm32f10x_usart.o
    0x08000d86   0x00000002   PAD
    0x08000d88   0x00000088   Code   RO          173    i.Write_IIC_Command  oled_i2c.o
    0x08000e10   0x00000088   Code   RO          174    i.Write_IIC_Data    oled_i2c.o
    0x08000e98   0x00000010   Code   RO         1189    i.__0printf$bare    mc_w.l(printfb.o)
    0x08000ea8   0x0000000e   Code   RO         1490    i.__scatterload_copy  mc_w.l(handlers.o)
    0x08000eb6   0x00000002   Code   RO         1491    i.__scatterload_null  mc_w.l(handlers.o)
    0x08000eb8   0x0000000e   Code   RO         1492    i.__scatterload_zeroinit  mc_w.l(handlers.o)
    0x08000ec6   0x00000022   Code   RO         1196    i._printf_core      mc_w.l(printfb.o)
    0x08000ee8   0x00000010   Code   RO          104    i.fputc             uart.o
    0x08000ef8   0x00000038   Code   RO          305    i.led_init          led.o
    0x08000f30   0x00000014   Code   RO          306    i.led_off           led.o
    0x08000f44   0x00000014   Code   RO          307    i.led_on            led.o
    0x08000f58   0x0000012c   Code   RO            4    i.main              main.o
    0x08001084   0x0000001e   Code   RO            5    i.my_delay          main.o
    0x080010a2   0x00000016   Code   RO          176    i.oled_pow          oled_i2c.o
    0x080010b8   0x000000a4   Code   RO          105    i.uart1_init        uart.o
    0x0800115c   0x00000010   Code   RO          106    i.uart1_recv_byte   uart.o
    0x0800116c   0x00000020   Code   RO          107    i.uart1_send_byte   uart.o
    0x0800118c   0x00000818   Data   RO          177    .constdata          oled_i2c.o
    0x080019a4   0x00000020   Data   RO         1488    Region$$Table       anon$$obj.o


    Execution Region RW_IRAM1 (Base: 0x20000000, Size: 0x00001418, Max: 0x00005000, ABSOLUTE, COMPRESSED[0x0000044c])

    Base Addr    Size         Type   Attr      Idx    E Section Name        Object

    0x20000000   0x00000c00   Data   RW            6    .data               main.o
    0x20000c00   0x00000400   Data   RW          178    .data               oled_i2c.o
    0x20001000   0x00000014   Data   RW          763    .data               stm32f10x_rcc.o
    0x20001014   0x00000004   Data   RW         1462    .data               mc_w.l(stdout.o)
    0x20001018   0x00000400   Zero   RW         1132    STACK               startup_stm32f10x_md.o


==============================================================================

Image component sizes


      Code (inc. data)   RO Data    RW Data    ZI Data      Debug   Object Name

        96         16          0          0          0       1254   led.o
       330         48          0       3072          0     242463   main.o
       112         12          0          0          0       1124   misc.o
      1374         52       2072       1024          0       9463   oled_i2c.o
        36          8        236          0       1024        820   startup_stm32f10x_md.o
       288          0          0          0          0       2668   stm32f10x_gpio.o
       430         14          0          0          0       6914   stm32f10x_i2c.o
       276         32          0         20          0       4582   stm32f10x_rcc.o
       472          6          0          0          0       7103   stm32f10x_usart.o
       328         28          0          0          0       2017   system_stm32f10x.o
       276         24          0          0          0       2597   uart.o

    ----------------------------------------------------------------------
      4026        240       2340       4116       1024     281005   Object Totals
         0          0         32          0          0          0   (incl. Generated)
         8          0          0          0          0          0   (incl. Padding)

    ----------------------------------------------------------------------

      Code (inc. data)   RO Data    RW Data    ZI Data      Debug   Library Member Name

        94          0          0          0          0          0   __dclz77c.o
         0          0          0          0          0          0   entry.o
         0          0          0          0          0          0   entry10a.o
         0          0          0          0          0          0   entry11a.o
         8          4          0          0          0          0   entry2.o
         4          0          0          0          0          0   entry5.o
         0          0          0          0          0          0   entry7b.o
         0          0          0          0          0          0   entry8b.o
         8          4          0          0          0          0   entry9a.o
        30          0          0          0          0          0   handlers.o
        36          8          0          0          0         68   init.o
        50          8          0          0          0        152   printfb.o
         0          0          0          4          0          0   stdout.o

    ----------------------------------------------------------------------
       230         24          0          4          0        220   Library Totals
         0          0          0          0          0          0   (incl. Padding)

    ----------------------------------------------------------------------

      Code (inc. data)   RO Data    RW Data    ZI Data      Debug   Library Name

       230         24          0          4          0        220   mc_w.l

    ----------------------------------------------------------------------
       230         24          0          4          0        220   Library Totals

    ----------------------------------------------------------------------

==============================================================================


      Code (inc. data)   RO Data    RW Data    ZI Data      Debug   

      4256        264       2340       4120       1024     278961   Grand Totals
      4256        264       2340       1100       1024     278961   ELF Image Totals (compressed)
      4256        264       2340       1100          0          0   ROM Totals

==============================================================================

    Total RO  Size (Code + RO Data)                 6596 (   6.44kB)
    Total RW  Size (RW Data + ZI Data)              5144 (   5.02kB)
    Total ROM Size (Code + RO Data + RW Data)       7696 (   7.52kB)

==============================================================================

